// Jest Snapshot v1, https://goo.gl/fbAQLP

exports[`Module 1`] = `
Float32Array [
  0,
  0,
  0,
  0,
  0,
  0,
]
`;

exports[`Module 2`] = `
Float32Array [
  1,
  4,
  9,
  16,
  25,
  36,
]
`;

exports[`Tensor 1`] = `
Float32Array [
  2,
  4,
  6,
]
`;

exports[`Tensor 2`] = `
Float32Array [
  0,
  4,
  6,
]
`;

exports[`Tensor 3`] = `
Float32Array [
  1,
  2,
  1,
  2,
  3,
  4,
  3,
  4,
  5,
  6,
  5,
  6,
]
`;

exports[`Tensor 4`] = `
Float32Array [
  1,
  2,
  3,
  4,
  5,
  6,
]
`;
